org/kurento/modulecreator/definition/Code.class
com/github/zafarkhaja/semver/expr/ExpressionParser$1.class
org/kurento/modulecreator/json/TypeRefAdapter.class
org/kurento/modulecreator/definition/ModelElement.class
com/github/zafarkhaja/semver/VersionParser$CharType$5.class
org/kurento/modulecreator/codegen/JsonFusioner.class
org/kurento/modulecreator/KurentoModuleCreatorException.class
com/github/zafarkhaja/semver/VersionParser$CharType.class
com/github/zafarkhaja/semver/expr/Less.class
com/github/zafarkhaja/semver/expr/Expression.class
org/kurento/modulecreator/print/ModuleDefinitionPrinter.class
com/github/zafarkhaja/semver/expr/Lexer$Token.class
com/github/zafarkhaja/semver/Parser.class
org/kurento/modulecreator/json/RemoteClassAdapter$1.class
org/kurento/modulecreator/codegen/function/IsFirstConstructorParam.class
org/kurento/modulecreator/json/RemoteClassAdapter$3.class
com/github/zafarkhaja/semver/expr/LexerException.class
org/kurento/modulecreator/definition/Method.class
com/github/zafarkhaja/semver/expr/Lexer.class
org/kurento/modulecreator/codegen/CodeGen.class
org/kurento/modulecreator/json/RemoteClassAdapter.class
org/kurento/modulecreator/codegen/function/JsNamespace.class
com/github/zafarkhaja/semver/VersionParser$CharType$2.class
com/github/zafarkhaja/semver/expr/GreaterOrEqual.class
org/kurento/modulecreator/codegen/function/JsonCppTypeData.class
com/github/zafarkhaja/semver/VersionParser$CharType$7.class
com/github/zafarkhaja/semver/MetadataVersion$NullMetadataVersion.class
com/github/zafarkhaja/semver/ParseException.class
org/kurento/modulecreator/codegen/function/PackageToFolder.class
com/github/zafarkhaja/semver/Version$BuildAwareOrder.class
org/kurento/modulecreator/json/JsonModuleSaverLoader.class
com/github/zafarkhaja/semver/expr/LessOrEqual.class
org/kurento/modulecreator/codegen/function/OrganizeDependencies.class
org/kurento/modulecreator/definition/TypeRef.class
org/kurento/modulecreator/codegen/JsonObjectAsMap.class
com/github/zafarkhaja/semver/VersionParser.class
com/github/zafarkhaja/semver/VersionParser$CharType$1.class
com/github/zafarkhaja/semver/expr/Equal.class
com/github/zafarkhaja/semver/NormalVersion.class
org/kurento/modulecreator/Result.class
com/github/zafarkhaja/semver/MetadataVersion.class
com/github/zafarkhaja/semver/expr/Or.class
org/kurento/modulecreator/codegen/function/EscapeString.class
org/kurento/modulecreator/codegen/function/GenerateKurentoClientJsVersion.class
org/kurento/modulecreator/codegen/PathTemplateLoader.class
com/github/zafarkhaja/semver/util/Stream.class
org/kurento/modulecreator/json/RemoteClassAdapter$2.class
org/kurento/modulecreator/definition/DataItem.class
org/kurento/modulecreator/codegen/function/CamelToUnderscore.class
org/kurento/modulecreator/ModuleManager.class
com/github/zafarkhaja/semver/expr/And.class
com/github/zafarkhaja/semver/util/Stream$ElementType.class
org/kurento/modulecreator/codegen/function/InitializePropertiesValues.class
org/kurento/modulecreator/codegen/function/JsonCppTypeData$JsonTypeData.class
org/kurento/modulecreator/print/ModuleDefinitionPrinter$1.class
org/kurento/modulecreator/codegen/XmlFusioner.class
com/github/zafarkhaja/semver/Version$1.class
org/kurento/modulecreator/definition/Event.class
org/kurento/modulecreator/definition/Type.class
org/kurento/modulecreator/definition/Param.class
org/kurento/modulecreator/codegen/Error.class
org/kurento/modulecreator/definition/NamedElement.class
org/kurento/modulecreator/PathUtils.class
com/github/zafarkhaja/semver/util/UnexpectedElementException.class
org/kurento/modulecreator/definition/Return.class
com/github/zafarkhaja/semver/VersionParser$CharType$6.class
org/kurento/modulecreator/VersionManager.class
com/github/zafarkhaja/semver/util/Stream$1.class
org/kurento/modulecreator/definition/RemoteClass.class
org/kurento/modulecreator/json/DataItemAdapter.class
org/kurento/modulecreator/codegen/function/CppObjectType.class
org/kurento/modulecreator/definition/ComplexType.class
com/github/zafarkhaja/semver/expr/Greater.class
org/kurento/modulecreator/json/MethodAdapter.class
com/github/zafarkhaja/semver/UnexpectedCharacterException.class
com/github/zafarkhaja/semver/VersionParser$1.class
org/kurento/modulecreator/definition/ModuleDefinition$ResolutionState.class
com/github/zafarkhaja/semver/expr/Lexer$Token$Type.class
org/kurento/modulecreator/definition/Property.class
com/github/zafarkhaja/semver/expr/UnexpectedTokenException.class
com/github/zafarkhaja/semver/expr/Not.class
org/kurento/modulecreator/definition/Import.class
org/kurento/modulecreator/codegen/function/SphinxLinks.class
org/kurento/modulecreator/json/RemoteClassAdapter$4.class
org/kurento/modulecreator/codegen/function/TypeHierarchy.class
com/github/zafarkhaja/semver/VersionParser$CharType$3.class
org/kurento/modulecreator/KurentoModuleCreator.class
org/kurento/modulecreator/definition/ModuleDefinition.class
org/kurento/modulecreator/codegen/function/JavaObjectType.class
org/kurento/modulecreator/definition/ComplexType$TypeFormat.class
com/github/zafarkhaja/semver/Version.class
com/github/zafarkhaja/semver/Version$Builder.class
org/kurento/modulecreator/codegen/function/TypeDependencies.class
org/kurento/modulecreator/definition/PrimitiveType.class
com/github/zafarkhaja/semver/expr/ExpressionParser.class
org/kurento/modulecreator/PathUtils$1.class
org/kurento/modulecreator/PathUtils$Finder.class
com/github/zafarkhaja/semver/expr/NotEqual.class
com/github/zafarkhaja/semver/VersionParser$CharType$4.class
org/kurento/modulecreator/Main.class
