/root/workSpace/kms-omni-build/kurento-module-creator/src/test/java/org/kurento/modulecreator/test/CustomMavenPomTest.java
/root/workSpace/kms-omni-build/kurento-module-creator/src/test/java/org/kurento/modulecreator/test/ImportModulesTest.java
/root/workSpace/kms-omni-build/kurento-module-creator/src/test/java/org/kurento/modulecreator/test/CodeGenerationTest.java
/root/workSpace/kms-omni-build/kurento-module-creator/src/test/java/org/kurento/modulecreator/test/ReleaseModuleWithDevDependTest.java
/root/workSpace/kms-omni-build/kurento-module-creator/src/test/java/org/kurento/modulecreator/test/NpmVersionTest.java
/root/workSpace/kms-omni-build/kurento-module-creator/src/test/java/org/kurento/modulecreator/test/KurentoCodeGeneration.java
/root/workSpace/kms-omni-build/kurento-module-creator/src/test/java/org/kurento/modulecreator/test/SemVerTests.java
/root/workSpace/kms-omni-build/kurento-module-creator/src/test/java/org/kurento/modulecreator/test/CustomNpmPackTest.java
/root/workSpace/kms-omni-build/kurento-module-creator/src/test/java/org/kurento/modulecreator/test/VersionManagerTest.java
/root/workSpace/kms-omni-build/kurento-module-creator/src/test/java/org/kurento/modulecreator/test/NamespacesTest.java
/root/workSpace/kms-omni-build/kurento-module-creator/src/test/java/org/kurento/modulecreator/test/ImportModulesWithRangesTest.java
